// Jest Snapshot v1, https://goo.gl/fbAQLP

exports[`Header matches snapshot 1`] = `
<div
  style={
    Object {
      "width": "100%",
    }
  }
>
  <div
    className="sc-AxjAm kzHKfW"
  >
    <div>
      Trello Clone Header Bar
    </div>
  </div>
</div>
`;
